2026-09-18 21:28:18,858 | INFO | Canonical files discovered: 25
2026-09-18 21:28:19,128 | INFO | Load [2/25] tardis_binance_BTCUSDT_2025-01-01_K10.parquet rows=681957 K=10
2026-09-18 21:28:19,334 | INFO | Load [3/25] tardis_binance_BTCUSDT_2025-02-01_K10.parquet rows=698280 K=10
2026-09-18 21:28:19,588 | INFO | Load [4/25] tardis_binance_BTCUSDT_2025-03-01_K10.parquet rows=779407 K=10
2026-09-18 21:28:19,824 | INFO | Load [5/25] tardis_binance_BTCUSDT_2025-04-01_K10.parquet rows=751844 K=10
2026-09-18 21:28:20,052 | INFO | Load [6/25] tardis_binance_BTCUSDT_2025-05-01_K10.parquet rows=693749 K=10
2026-09-18 21:28:20,258 | INFO | Load [7/25] tardis_binance_BTCUSDT_2025-06-01_K10.parquet rows=676284 K=10
2026-09-18 21:28:20,496 | INFO | Load [8/25] tardis_binance_BTCUSDT_2025-07-01_K10.parquet rows=723822 K=10
2026-09-18 21:28:20,808 | INFO | Load [9/25] tardis_binance_BTCUSDT_2025-08-01_K10.parquet rows=828835 K=10
2026-09-18 21:28:21,099 | INFO | Load [10/25] tardis_binance_BTCUSDT_2025-09-01_K10.parquet rows=796827 K=10
2026-09-18 21:28:21,357 | INFO | Load [11/25] tardis_binance_BTCUSDT_2025-10-01_K10.parquet rows=781647 K=10
2026-09-18 21:28:21,596 | INFO | Load [12/25] tardis_binance_BTCUSDT_2025-11-01_K10.parquet rows=729192 K=10
2026-09-18 21:28:21,913 | INFO | Load [13/25] tardis_binance_BTCUSDT_2025-12-01_K10.parquet rows=815217 K=10
2026-09-18 21:28:22,166 | INFO | Load [14/25] tardis_binance_ETHUSDT_2025-01-01_K10.parquet rows=724531 K=10
2026-09-18 21:28:22,452 | INFO | Load [15/25] tardis_binance_ETHUSDT_2025-02-01_K10.parquet rows=811576 K=10
2026-09-18 21:28:22,758 | INFO | Load [16/25] tardis_binance_ETHUSDT_2025-03-01_K10.parquet rows=839335 K=10
2026-09-18 21:28:23,060 | INFO | Load [17/25] tardis_binance_ETHUSDT_2025-04-01_K10.parquet rows=822257 K=10
2026-09-18 21:28:23,313 | INFO | Load [18/25] tardis_binance_ETHUSDT_2025-05-01_K10.parquet rows=761837 K=10
2026-09-18 21:28:23,582 | INFO | Load [19/25] tardis_binance_ETHUSDT_2025-06-01_K10.parquet rows=749665 K=10
2026-09-18 21:28:23,854 | INFO | Load [20/25] tardis_binance_ETHUSDT_2025-07-01_K10.parquet rows=783441 K=10
2026-09-18 21:28:24,154 | INFO | Load [21/25] tardis_binance_ETHUSDT_2025-08-01_K10.parquet rows=839936 K=10
2026-09-18 21:28:24,488 | INFO | Load [22/25] tardis_binance_ETHUSDT_2025-09-01_K10.parquet rows=831148 K=10
2026-09-18 21:28:24,787 | INFO | Load [23/25] tardis_binance_ETHUSDT_2025-10-01_K10.parquet rows=780924 K=10
2026-09-18 21:28:25,055 | INFO | Load [24/25] tardis_binance_ETHUSDT_2025-11-01_K10.parquet rows=642339 K=10
2026-09-18 21:28:25,403 | INFO | Load [25/25] tardis_binance_ETHUSDT_2025-12-01_K10.parquet rows=799317 K=10
2026-09-18 21:29:38,943 | INFO | DONE | files=24 raw_rows=18343367 | diagnostic rows: grid=96 depth=288 walk=1728
2026-09-18 21:29:38,943 | INFO | No VEP/simulator/RL/DRO fitted. Results -> C:\Users\fredy\Downloads\Results_RESS_V1D
